// Jest Snapshot v1, https://goo.gl/fbAQLP

exports[`<CardList /> should matches the stored snapshot 1`] = `""`;
