// Jest Snapshot v1, https://goo.gl/fbAQLP

exports[`<InputBox /> should matches the stored snapshot 1`] = `""`;
