// Jest Snapshot v1, https://goo.gl/fbAQLP

exports[`<HomePage /> should matches the stored snapshot 1`] = `"Stears Movie Downloader"`;
